---
source: nucleo-picker-vt/tests/scenarios/unicode.rs
expression: sr.checkpoint(resolved_name.to_owned())?
info:
  resolved_name: wide-initial
  name_expression: "\"wide-initial\""
  sequence: 0
---
version: 1
size:
  cols: 100
  rows: 14
screen: alternate
cursor:
  position:
    x: 2
    y: 13
  visible: true
  shape: block
  blinking: false
  pending_wrap: false
  at_wide_tail: false
  password_input: false
colors:
  foreground: "#ffffff"
  background: "#000000"
  cursor: ~
text:
  - "                                                                                                    "
  - "                                                                                                    "
  - "  mixed café 서울 東京 — every retained family before final                                         "
  - "  emoji flag 🏳️‍🌈 — variation-selector flag before final                                              "
  - "  emoji profession 👩🏽‍💻 — skin-tone technologist before final                                         "
  - "  emoji family 👨‍👩‍👧‍👦 — joined family before final                                                      "
  - "  日本語 京都 漢字かな交じり文 — 長い接頭辞の後の終点 final                                         "
  - "  日本語 東京 ひらがな カタカナ — 長い接頭辞の後の終点 final                                        "
  - "  조선말 평양 문화 언어 — 폭이 넓은 글자 뒤의 종착점 final                                          "
  - "  한국어 서울 한글 검색 — 아주 긴 접두사 뒤의 종착점 final                                          "
  - "  latin NFD café déjà-vu Ångström — long prefix before final                                        "
  - "▌ latin NFC café déjà-vu Ångström — long prefix before final                                        "
  - "  10/10 ────────────────────────────────────────────────────────────────────────────────────────────"
  - ">                                                                                                   "
styles:
  - row: 11
    start: 0
    end: 1
    foreground: "#c397d8"
    background: "#666666"
    bold: true
  - row: 11
    start: 1
    end: 60
    background: "#666666"
    bold: true
  - row: 12
    start: 0
    end: 7
    foreground: "#b9ca4a"
    italic: true
  - row: 12
    start: 7
    end: 100
    foreground: "#c5c8c6"
    italic: true
