---
source: nucleo-picker-vt/tests/scenarios/multiline.rs
expression: sr.checkpoint(resolved_name.to_owned())?
info:
  resolved_name: default-wide-160x4-item-04
  name_expression: "format!(\"default-wide-160x4-item-{item:02}\")"
  sequence: 33
---
version: 1
size:
  cols: 160
  rows: 4
screen: alternate
cursor:
  position:
    x: 2
    y: 3
  visible: true
  shape: block
  blinking: false
  pending_wrap: false
  at_wide_tail: false
  password_input: false
colors:
  foreground: "#ffffff"
  background: "#000000"
  cursor: ~
text:
  - "▌ item-04                                                                                                                                                       "
  - "▌   detail-04-a                                                                                                                                                 "
  - "  24/24 ────────────────────────────────────────────────────────────────────────────────────────────────────────────────────────────────────────────────────────"
  - ">                                                                                                                                                               "
styles:
  - row: 0
    start: 0
    end: 1
    foreground: "#c397d8"
    background: "#666666"
    bold: true
  - row: 0
    start: 1
    end: 9
    background: "#666666"
    bold: true
  - row: 1
    start: 0
    end: 1
    foreground: "#c397d8"
    background: "#666666"
    bold: true
  - row: 1
    start: 1
    end: 15
    background: "#666666"
    bold: true
  - row: 2
    start: 0
    end: 7
    foreground: "#b9ca4a"
    italic: true
  - row: 2
    start: 7
    end: 160
    foreground: "#c5c8c6"
    italic: true
